---
source: tests/sql_correctness.rs
expression: formatted
---
Query: SELECT a.aid, a.abalance, t.tid, t.tbalance,        a.abalance - t.tbalance AS diff FROM (SELECT aid, abalance FROM pgbench_accounts WHERE aid <= 5) a CROSS JOIN pgbench_tellers t ORDER BY a.aid, t.tid

+-----+----------+-----+----------+------+
| aid | abalance | tid | tbalance | diff |
+-----+----------+-----+----------+------+
| 1   | 0        | 1   | 0        | 0    |
| 1   | 0        | 2   | 0        | 0    |
| 1   | 0        | 3   | 0        | 0    |
| 1   | 0        | 4   | 0        | 0    |
| 1   | 0        | 5   | 0        | 0    |
| 1   | 0        | 6   | 0        | 0    |
| 1   | 0        | 7   | 0        | 0    |
| 1   | 0        | 8   | 0        | 0    |
| 1   | 0        | 9   | 0        | 0    |
| 1   | 0        | 10  | 0        | 0    |
| 2   | 0        | 1   | 0        | 0    |
| 2   | 0        | 2   | 0        | 0    |
| 2   | 0        | 3   | 0        | 0    |
| 2   | 0        | 4   | 0        | 0    |
| 2   | 0        | 5   | 0        | 0    |
| 2   | 0        | 6   | 0        | 0    |
| 2   | 0        | 7   | 0        | 0    |
| 2   | 0        | 8   | 0        | 0    |
| 2   | 0        | 9   | 0        | 0    |
| 2   | 0        | 10  | 0        | 0    |
| 3   | 0        | 1   | 0        | 0    |
| 3   | 0        | 2   | 0        | 0    |
| 3   | 0        | 3   | 0        | 0    |
| 3   | 0        | 4   | 0        | 0    |
| 3   | 0        | 5   | 0        | 0    |
| 3   | 0        | 6   | 0        | 0    |
| 3   | 0        | 7   | 0        | 0    |
| 3   | 0        | 8   | 0        | 0    |
| 3   | 0        | 9   | 0        | 0    |
| 3   | 0        | 10  | 0        | 0    |
| 4   | 0        | 1   | 0        | 0    |
| 4   | 0        | 2   | 0        | 0    |
| 4   | 0        | 3   | 0        | 0    |
| 4   | 0        | 4   | 0        | 0    |
| 4   | 0        | 5   | 0        | 0    |
| 4   | 0        | 6   | 0        | 0    |
| 4   | 0        | 7   | 0        | 0    |
| 4   | 0        | 8   | 0        | 0    |
| 4   | 0        | 9   | 0        | 0    |
| 4   | 0        | 10  | 0        | 0    |
| 5   | 0        | 1   | 0        | 0    |
| 5   | 0        | 2   | 0        | 0    |
| 5   | 0        | 3   | 0        | 0    |
| 5   | 0        | 4   | 0        | 0    |
| 5   | 0        | 5   | 0        | 0    |
| 5   | 0        | 6   | 0        | 0    |
| 5   | 0        | 7   | 0        | 0    |
| 5   | 0        | 8   | 0        | 0    |
| 5   | 0        | 9   | 0        | 0    |
| 5   | 0        | 10  | 0        | 0    |
+-----+----------+-----+----------+------+
