---
source: tests/sql_correctness.rs
expression: formatted
---
Query: SELECT bid,        SUM(abalance) / COUNT(*) AS int_avg,        CAST(SUM(abalance) AS DOUBLE) / COUNT(*) AS float_avg FROM pgbench_accounts GROUP BY bid ORDER BY bid

+-----+---------+--------------------+
| bid | int_avg | float_avg          |
+-----+---------+--------------------+
| 1   | 0       | 0.7778322265781262 |
+-----+---------+--------------------+
