---
source: tests/sql_correctness.rs
expression: formatted
---
Query: SELECT bid, num_accounts FROM (     SELECT bid, COUNT(*) AS num_accounts     FROM pgbench_accounts     GROUP BY bid ) sub ORDER BY num_accounts DESC

+-----+--------------+
| bid | num_accounts |
+-----+--------------+
| 1   | 98991        |
+-----+--------------+
